[    0.000000] Linux ersion 4.15.0-45-generic (buildd@lgw01-amd64-031) (gcc version 7.3.0 (Ubuntu 7.3.0-16ubuntu3)) #48-Ubuntu SMP Tue Jan 29 16:28:13 UTC 2019 (Ubuntu 4.15.0-45.48-generic 4.15.18)
[    0.000000] Command line: BOOT_IMAGE=/boot/vmlinuz-4.15.0-45-generic root=UUID=3af52e5d-5bb6-4b83-b764-17fee713af99 ro console=tt1 console=ttyS0
[    0.000000] KERNEL supported cpus:
[    0.000000]   Intel GenuineIntel
[    0.000000   AMD AuthenticAMD
[    0.000000]   Centaur CentaurHauls
[    0.000000] x86/fpu: Supporting XSAVE feature 0x001: 'x87 floating point registers'
[    0.000000] x86/fpu: Supporting XSAVE feature 0x002: 'SSE registers'
[    0.000000] x86/fpu:Supporting XSAVE feature 0x004: 'AVX registers'
[    0.000000] x86/fpu: xstate_offset[2]:  576, xstae_sizes[2]:  256
[    0.000000] x86/fpu: Enabled xstate features 0x7, context size is 832 bytes, using 'standrdd' format.
[    0000000] e820: BIOS-provided physical RAM map:
[    0.000000] BIOS-e820: [mem 0x0000000000000000-0x000000000009fbff] usable
[    0.000000] BIOS-e820: [mem 0x000000000009fc00-0x000000000009ffff] reserved
[    0.000000] BIOS-e820: [mem 0x0000000000f000-0x00000000000fffff] reserved
[    0.000000] BIOS-e820: [mem 0x0000000000100000-0x000000003ffeffff] usable
[    0.000000] BIOS-e820: [mem 0x000000003fff0000-0x000000003fffffff] ACPI data
[    0.000000] BIOS-e820: [mem 0x00000000fec00000-0x00000000fec00fff] reserved
[    0.000000] BIOS-e820: [mem 0x00000000fee00000-0x00000000fee00fff] reserved
[    0.000000] BIOS-e820: [mem 0x00000000fffc0000-0x00000000ffffffff] reserved
[    0.000000] NX (Execute Disable protection: active
[    0.000000] SMBIOS 2.5 present.
[    0.000000] DMI: innotek GmbH VirtualBox/VirtualBox, BIOS VirtualBox 12/01/2006
[    0.000000] Hypervisor detected: KVM
[    0.000000] e820: last_pfn = 0x3fff0 max_arch_pfn = 0x400000000
[    0.000000] MTRR: Disabled
[    0.000000 x86/PAT: MTRRs disabled, skipping PAT initialization too.
[    0.000000] CPU MTRRs all blank - virtualized system.
[    0.000000] x86/PAT: Configuration [0-7]: WB  WT  UC- UC  WB  WT  UC- UC  
[    0.000000] found SMP MP-table at [mem 0x0009fff0-0x0009fff] mapped at [        (ptrval)]
[    0.000000] Scanning 1 areas for low memory corruption
[    0.000000] RAMDISK: [mem 0x359d5000-0x36ce1fff]
[    0.000000] ACPI: Early table checksum verification disabled
[    0.000000] ACPI: RSDP 0x00000000000E0000 000024 (v02 VBOX  )
[    0.000000] ACPI: XSDT 0x000000003FFF0030 00003C (v01 VBOX   VBOXXSDT 00000001 ASL  00000061)
[    0.000000] ACPI: FACP 0x000000003FFF00F0 0000F4 (v04 VBOX   VBOXFACP 00000001 ASL  00000061)
[    0.000000] ACPI: DSDT 0x000000003FFF0470 0021FF (v02 VBOX   VBOXBIOS 00000002 INTL 20100528)
[    0.000000] ACPI: FACS 0x000000003FFF0200 000040
[    0.000000] ACPI: FACS 0x000000003FFF0200 000040
[    0.000000] ACPI: APIC 0x000000003FFF0240 00005C (v02 VBOX   VBOXAPIC 00000001 ASL  00000061)
[    0.000000] ACPI: SSDT 0x000000003FFF02A0 0001CC (v01 VBOX   VBOXCPUT 00000002 INTL 20100528)
[    0.000000] No NUMA configuration found
[    0.000000] Faking a node at [mem 0x0000000000000000-0x000000003ffeffff]
[    0.000000] NODE_DATA(0) allocated [mem 0x3ffc5000-0x3ffeffff]
[    0.000000] kvm-clock: cpu 0, msr 0:3ff44001, primary cpu clock
[    0.000000] kvm-clock: Using msrs 4b564d01 and 4b564d00
[    0.000000] kvm-clock: using sched offset of 6631265584 cycles
[    0.000000] clocksource: kv-clock: mask: 0xffffffffffffffff max_cycles: 0x1cd42e4dffb, max_idle_ns: 881590591483 ns
[    0.000000] Zone ranges:
[    0.000000]   DMA      [mem 0x0000000000001000-0x0000000000ffffff]
[    0.000000]   DMA32    [mem 0x0000000001000000-0x000000003ffeffff]
[    0.000000]   Normal   empty
[    0.000000]   Device   empty
[    0.000000] Movable zone sart for each node
[    0.000000] Early memory node ranges
[    0.000000]   node   0: [mem 0x0000000000001000-0x000000000009efff]
[    0.000000]   node   0: [mem 0x0000000000100000-0x000000003ffeffff]
[    0.000000] Reserved but unavailable: 114 pages
[    0.000000] Initmem setup node 0 [mem 0x0000000000001000-0x000000003ffeffff]
[    0.000000] ACPI: PM-Timer IO Port: 0x4008
[    0.000000] IOAPIC[0]: apic_id 2, version 32, address 0xfec00000, GSI 0-23
[    0.000000] ACPI: INT_SRC_OVR (bus 0 bus_irq 0 global_irq 2 dfl dfl)
[    0.000000] ACPI: INT_SRC_OVR (bus 0 bus_irq 9 global_irq 9 low level)
[    0.000000] Using ACPI (MADT) for SMP configuration information
[    0.000000] smpboot: Allowing 2 CPUs, 0 hotplug CPUs
[    0.000000] PM: Registered nosave memory: [mem 0x00000000-0x00000fff]
[    0.000000] PM: Registered nosave memory: [mem 0x0009f000-0x0009ffff]
[    0.000000] PM: Registered nosave memory: [mem 0x000a0000-0x000effff]
[    0.000000] PM: Registered nosave memory: [mem 0x000f0000-0x000fffff]
[    0.000000] e820: [mem 0x40000000-0xfebfffff] available for PCI devices
[    0.000000] Booting paravirtualized kernel on KVM
[    0.000000] clocksource: refined-jiffies: mask: 0xffffffff max_cycles: 0xffffffff, max_idle_ns: 7645519600211568 ns
[    0.000000] random: get_random_bytes called from start_kernel+0x99/0x4fd with crng_init=0
[    0.000000] setup_percpu: NR_CPUS:8192 nr_pumask_bits:2 nr_cpu_ids:2 nr_node_ids:1
[    0.000000] percpu: Embedded 46 pages/cpu @        (ptrval) s151552 r8192 d28672 u1048576
[    0.000000] PV qspinlock hash table entries: 256 (order: 0, 4096 bytes)
[    0.000000] Built 1 zonelists, mobility grouping on.  Total pages: 257913
[    0.000000] Policy zone: DMA32
[    0.000000] Kernel command line: BOOT_IMAGE=/boot/vmlinuz-4.15.0-45-generic root=UUID=3af52e5d-5bb6-4b83-b764-17fee713af99 ro console=tty1 console=ttyS0
[    0.000000] Memory: 983076K/1048120K available (12300K kernel code, 2473K rwdata, 4252K rodata, 2408K init, 2416K bss, 65044K reserved, 0K cma-reserved)
[    0.000000] SLUB: HWalign=64, Order=0-3, MinObjects=0, CPUs=2, Nodes=1
[    0.000000] Kernel/User page tables isolation: enabled
[    0.000000] ftrace: allocating 39194 entries in 154 pages
[    0.004000] Hierarchical RCU implementation.
[    0.004000] 	RCU restricting CPUs from NR_CPUS=8192 to nr_cpu_ids=2.
[    0.004000] 	Tasks RCU enabled.
[    0.004000] RCU: Adjusting geometry for rcu_fanout_leaf=16, nr_cpu_ids=2
[    0.004000] NR_IRQS: 524544, nr_irqs: 440, preallocated irqs: 166
[    0.004000] Console: colour VGA+ 80x25
[    0.004000] console [tty1] enabled
[    0.004000] console [ttyS0] enabled
[    0.004000] ACPI: Core revision 20170831
[    0.004000] ACPI: 2 ACPI AML tables sucessfully acquired and loaded
[    0.004000] APIC: Switch to symmetric I/O mode setup
[    0.004000] x2apic enabled
[    0.004011] Switched APIC routing to physical x2apic.
[    0.008611] ..TIMER: vector=0x30 apic1=0 pin1=2 apic2=-1 pin2=-1
[    0.012007] tsc: Detected 1799.999 MHz processor
[    0.016013] Calibrating delay loop (skipped) preset value.. 3599.99 BogoMIPS (lpj=7199996)
[    0.020004] pid_max: default: 32768 minimum: 301
[    0.022091] Security Framework initialized
[    0.024003] Yama: becoming mindful.
[    0.025617] AppArmor: AppArmor initialized
[    0.029957] Dentry cache hash table entries: 131072 (order: 8, 1048576 bytes)
[    0.032085] Inode-cache hash table entries: 65536 (order: 7, 524288 bytes)
[    0.036019] Mount-cache hash table entries: 2048 (order: 2, 16384 bytes)
[    0.040018] Mountpoint-cache hash table entries: 2048 (order: 2, 16384 bytes)
[    0.044281] mce: CPU supports 0 MCE banks
[    0.046069] Last level iTLB entries: 4KB 64, 2MB 8, 4MB 8
[    0.048003] Last level dTLB entries: 4KB 64, 2MB 0, 4MB 0, 1GB 4
[    0.050065] Spectre V2 : Mitigation: Full generic retpoline
[    0.052002] Spectre V2 : Spectre v2 / SpectreRSB mitigation: Filling RSB on context switch
[    0.055070] Speculative Store Bypass: Vulnerable
[    0.056097] Freeing SMP alternatives memory: 36K
[    0.064000] smpboot: CPU0: Intel(R) Core(TM) i5-5350U CPU @ 1.80GHz (family: 0x6, model: 0x3d, stepping: 0x4)
[    0.064088] Performance Events: unsupported p6 CPU model 61 no PMU driver, software events only.
[    0.068037] Hierarchical SRCU implementation.
[    0.070219] NMI watchdog: Perf event create on CPU 0 failed with -2
[    0.072005] NMI watchdog: Perf NMI watchdog permanently disabled
[    0.074059] smp: Bringing up secondary CPUs ...
[    0.076081] x86: Booting SMP configuration:
[    0.077525] .... node  #0, CPUs:      #1
[    0.004000] kvm-clock: cpu 1, msr 0:3ff44041, secondary cpu clock
[    0.004000] mce: CPU supports 0 MCE banks
[    0.086521] smp: Brought up 1 node, 2 CPUs
[    0.088014] smpboot: Max logical packages: 1
[    0.092008] smpboot: Total of 2 processors activated (7199.99 BogoMIPS)
[    0.096233] devtmpfs: initialized
[    0.100057] x86/mm: Memory block size: 128MB
[    0.101671] evm: security.selinux
[    0.102907] evm: security.SMACK64
[    0.104004] evm: security.SMACK64EXEC
[    0.105281] evm: security.SMACK64TRANSMUTE
[    0.106904] evm: security.SMACK64MMAP
[    0.108004] evm: security.apparmor
[    0.109206] evm: security.ima
[    0.112002] evm: security.capability
[    0.113314] clocksource: jiffies: mask: 0xffffffff max_cycles: 0xffffffff, max_idle_ns: 7645041785100000 ns
[    0.116031] futex hash table entries: 512 (order: 3, 32768 bytes)
[    0.120083] pinctrl core: initialized pinctrl subsystem
[    0.125932] RTC time:  3:53:29, date: 02/16/19
[    0.128202] NET: Registered protocol family 16
[    0.130027] audit: initializing netlink subsys (disabled)
[    0.132038] audit: type=2000 audit(1550289216.868:1): state=initialized audit_enabled=0 res=1
[    0.148012] cpuidle: using governor ladder
[    0.152012] cpuidle: using governor menu
[    0.156056] ACPI: bus type PCI registered
[    0.160004] acpiphp: ACPI Hot Plug PCI Controller Driver version: 0.5
[    0.164155] PCI: Using configuration type 1 for base access
[    0.169081] HugeTLB registered 2.00 MiB page size, pre-allocated 0 pages
[    0.172122] ACPI: Added _OSI(Module Device)
[    0.174035] ACPI: Added _OSI(Processor Device)
[    0.176005] ACPI: Added _OSI(3.0 _SCP Extensions)
[    0.177583] ACPI: Added _OSI(Processor Aggregator Device)
[    0.179410] ACPI: Added _OSI(Linux-Dell-Video)
[    0.180007] ACPI: Added _OSI(Linux-Lenovo-NV-HDMI-Audio)
[    0.182228] ACPI: Added _OSI(Linux-HPI-Hybrid-Graphics)
[    0.184809] ACPI: Executed 1 blocks of module-level executable AML code
[    0.193466] ACPI: Interpreter enabled
[    0.196017] ACPI: (supports S0 S5)
[    0.199044] ACPI: Using IOAPIC for interrupt routing
[    0.200276] PCI: Using host bridge windows from ACPI; if necessary, use "pci=nocrs" and report a bug
[    0.204303] ACPI: Enabled 2 GPEs in block 00 to 07
[    0.218794] ACPI: PCI Root Bridge [PCI0] (domain 0000 [bus 00-ff])
[    0.220016] acpi PNP0A03:00: _OSC: OS supports [ASPM ClockPM Segments MSI]
[    0.224052] acpi PNP0A03:00: _OSC: not requesting OS control; OS requires [ExtendedConfig ASPM ClockPM MSI]
[    0.228026] acpi PNP0A03:00: fail to add MMCONFIG information, can't access extended PCI configuration space under this bridge.
[    0.232753] PCI host bridge to bus 0000:00
[    0.236014] pci_bus 0000:00: root bus resource [io  0x0000-0x0cf7 window]
[    0.240012] pci_bus 0000:00: root bus resource [io  0x0d00-0xffff window]
[    0.243192] pci_bus 0000:00: root bus resource [mem 0x000a0000-0x000bffff window]
[    0.244014] pci_bus 0000:00: root bus resource [mem 0x40000000-0xfdffffff window]
[    0.248012] pci_bus 0000:00: root bus resource [bus 00-ff]
[    0.261418] pci 0000:00:01.1: legacy IDE quirk: reg 0x10: [io  0x01f0-0x01f7]
[    0.264013] pci 0000:00:01.1: legacy IDE quirk: reg 0x14: [io  0x03f6]
[    0.268016] pci 0000:00:01.1: legacy IDE quirk: reg 0x18: [io  0x0170-0x0177]
[    0.272011] pci 0000:00:01.1: legacy IDE quirk: reg 0x1c: [io  0x0376]
[    0.318070] pci 0000:00:07.0: quirk: [io  0x4000-0x403f] claimed by PIIX4 ACPI
[    0.320043] pci 0000:00:07.0: quirk: [io  0x4100-0x410f] claimed by PIIX4 SMB
[    0.350424] ACPI: PCI Interrupt Link [LNKA] (IRQs 5 9 10 *11)
[    0.352473] ACPI: PCI Interrupt Link [LNKB] (IRQs 5 9 *10 11)
[    0.356233] ACPI: PCI Interrupt Link [LNKC] (IRQs 5 *9 10 11)
[    0.358506] ACPI: PCI Interrupt Link [LNKD] (IRQs 5 9 10 *11)
[    0.360720] SCSI subsystem initialized
[    0.368167] pci 0000:00:02.0: vgaarb: setting as boot VGA device
[    0.372000] pci 0000:00:02.0: vgaarb: VGA device added: decodes=io+mem,owns=io+mem,locks=none
[    0.372009] pci 0000:00:02.0: vgaarb: bridge control possible
[    0.376003] vgaarb: loaded
[    0.377359] ACPI: bus type USB registered
[    0.380036] usbcore: registered new interface driver usbfs
[    0.384015] usbcore: registered new interface driver hub
[    0.388044] usbcore: registered new device driver usb
[    0.390321] EDAC MC: Ver: 3.0.0
[    0.392773] PCI: Using ACPI for IRQ routing
[    0.396777] NetLabel: Initializing
[    0.400006] NetLabel:  domain hash size = 128
[    0.404005] NetLabel:  protocols = UNLABELED CIPSOv4 CALIPSO
[    0.408025] NetLabel:  unlabeled traffic allowed by default
[    0.412633] clocksource: Switched to clocksource kvm-clock
[    0.43599] VFS: Disk quotas dquot_6.6.0
[    0.463154] VFS: Dquot-cache hash table entries: 512 (order 0, 4096 bytes)
[    0.466484] AppArmor: AppArmor Filesystem Enabled
[    0.468708] pnp: PnP ACPI init
[    0.472444] np: PnP ACPI: found 3 devices

[    0.518833] clocksource: acpi_pm: mask: 0xffffff max_cycles: 0xffffff, max_idle_ns: 2085701024 ns
[    0.523725] NET: Registered protocol family 2
[    0.528113] TCP established hash table entries: 8192 (order: 4, 65536 bytes)
[    0.531357] TCP bind hash table entries: 8192 (order: 5, 131072 bytes)
[    0.534274] TCP: Hash tables configured (established 8192 bind 8192)
[    0.537068] UDP hash table entries: 512 (order: 2, 16384 bytes)
[   0.540060] UDP-Lite hash table entries: 512 (order: 2, 16384 bytes)
[    0.568775] NET: Registered protocol family 1
[    0.570718] pci 0000:00:00.0: Limiting direct PCI/PCI transfers
[    0.573635] pci 0000:00:01.0: Activating ISA DMA hang workarounds
[    0.577187] pci 0000:00:02.0: Video device with shadowed ROM at [em 0x000c0000-0x000dffff]
[    0.609152] Unpacking initramfs...

[    0.956013] Freeing initrd memory: 19508K
[    0.959375] platform rtc_cmos: registered platform RTC device (no PNP device found)
[    0.963315] Scanning for low memory corruption every 60 seconds
[    0.966833] Initialise system trusted keyrings
[    0.969711] Key type blacklist registered
[    0.971863] workingset: timestamp_bits=36 max_order=18 bucket_order=0
[    0.976136] zbud: loaded
[    0.977918] squashfs: version 4.0 (2009/01/31) Phillip Lougher
[    0.983543] fuse init (API version 7.26)
[    0.992374] Key type asymmetric registered
[    0.993868] Asymmetric key parser 'x509' registered
[    0.995649] Block layer SCSI generic (bsg) driver version 0.4 loaded (major 246)
[    0.998541] io scheduler noop registered
[    0.999980] io scheduler deadline registered
[    1.001678] io scheduler cfq registered (default)
[    1.003958] ACPI: AC Adapter [AC] (off-line)
[    1.005749] input: Power Button as /devices/LNXSYSTM:00/LNXPWRBN:00/input/input0
[    1.009234] ACPI: Power Button [PWRF]
[    1.012556] input: Sleep Button as /devices/LNXSYSTM:00/LNXSLPBN:00/input/input1
[    1.015163] ACPI: Sleep Button [SLPF]
[    1.019677] ACPI: Battery Slot [BAT0] (battery present)
[    1.022321] Serial: 8250/16550 driver, 32 ports, IRQ sharing enabled
[    1.051452] 00:02: ttyS0 at I/O 0x3f8 (irq = 4, base_baud = 115200) is a 16550A
[    1.062834] Linux agpgart interface v0.103
[    1.068922] loop: module loaded
[    1.071122] scsi host0: ata_piix
[    1.072735] scsi host1: ata_piix
[    1.074148] ata1: PATA max UDMA/33 cmd 0x1f0 ctl 0x3f6 bmdma 0xd000 irq 14
[    1.076853] ata2: PATA max UDMA/33 cmd 0x170 ctl 0x376 bmdma 0xd008 irq 15
[    1.081856] libphy: Fixed MDIO Bus: probed
[    1.084146] tun: Universal TUN/TAP device driver, 1.6
[    1.086566] PPP generic driver version 2.4.2
[    1.089627] ehci_hcd: USB 2.0 'Enhanced' Host Controller (EHCI) Driver
[    1.093473] ehci-pci: EHCI PCI platform driver
[    1.095457] ehci-platform: EHCI generic platform driver
[    1.097983] ohci_hcd: USB 1.1 'Open' Host Controller (OHCI) Driver
[    1.100637] ohci-pci: OHCI PCI platform driver
[    1.102711] ohci-platform: OHCI generic platform driver
[    1.105013] uhci_hcd: USB Universal Host Controller Interface driver
[    1.107941] i8042: PNP: PS/2 Controller [PNP0303:PS2K,PNP0f03:PS2M] at 0x60,0x64 irq 1,12
[    1.111362] serio: i8042 KBD port at 0x60,0x64 irq 1
[    1.113587] serio: i8042 AUX port at 0x60,0x64 irq 12
[    1.115612] mousedev: PS/2 mouse device common for all mice
[    1.118455] rtc_cmos rtc_cmos: rtc core: registered rtc_cmos as rtc0
[    1.122722] input: AT Translated Set 2 keyboard as /devices/platform/i8042/serio0/input/input2
[    1.124187] rtc_cmos rtc_cmos: alarms up to one day, 114 bytes nvram
[    1.124213] i2c /dev entries driver
[    1.124232] pcie_mp2_amd: AMD(R) PCI-E MP2 Communication Driver Version: 1.0
[    1.124382] device-mapper: uevent: version 1.0.3
[    1.124506] device-mapper: ioctl: 4.37.0-ioctl (2017-09-20) initialised: dm-devel@redhat.com
[    1.142600] ledtrig-cpu: registered to indicate activity on CPUs
[    1.146013] NET: Registered protocol family 10
[    1.153129] Segment Routing with IPv6
[    1.160252] NET: Registered protocol family 17
[    1.162534] Key type dns_resolver registered
[    1.164256] RAS: Correctable Errors collector initialized.
[    1.166124] sched_clock: Marking stable (1164170526, 0)->(2514006686, -1349836160)
[    1.169469] registered taskstats version 1
[    1.171355] Loading compiled-in X.509 certificates
[    1.177444] Loaded X.509 cert 'Build time autogenerated kernel key: e3b8f44ffaaceef3e3a84cfaebd8e5a9acebeaad'
[    1.184003] zswap: loaded using pool lzo/zbud
[    1.192114] Key type big_key registered
[    1.193855] Key type trusted registered
[    1.197706] Key type encrypted registered
[    1.199811] AppArmor: AppArmor sha1 policy hashing enabled
[    1.212559] ima: No TPM chip found, activating TPM-bypass! (rc=-19)
[    1.215574] ima: Allocated hash algorithm: sha1
[    1.217957] evm: HMAC attrs: 0x1
[    1.220432]   Magic number: 7:830:866
[    1.222472] rtc_cmos rtc_cmos: setting system clock to 2019-02-16 03:53:31 UTC (1550289211)
[    1.237673] BIOS EDD facility v0.16 2004-Jun-25, 0 devices found
[    1.240708] EDD information not available.
[    1.248948] Freeing unused kernel memory: 2408K
[    1.268148] Write protecting the kernel read-only data: 20480k
[    1.273719] Freeing unused kernel memory: 2008K
[    1.286945] Freeing unused kernel memory: 1892K
[    1.310684] x86/mm: Checked W+X mappings: passed, no W+X pages found.
[    1.338497] x86/mm: Checking user space page tables
[    1.360021] x86/mm: Checked W+X mappings: passed, no W+X pages found.
Loading, please wait...
starting version 237
[    1.534185] e1000: Intel(R) PRO/1000 Network Driver - version 7.3.21-k8-NAPI
[    1.557429] e1000: Copyright (c) 1999-2006 Intel Corporation.
[    1.590829] Fusion MPT base driver 3.04.20
[    1.593949] Copyright (c) 1999-2008 LSI Corporation
[    1.627885] AVX2 version of gcm_enc/dec engaged.
[    1.630729] AES CTR mode by8 optimization enabled
[    1.691164] Fusion MPT SPI Host driver 3.04.20
[    1.794480] input: ImExPS/2 Generic Explorer Mouse as /devices/platform/i8042/serio1/input/input4
[    1.986479] tsc: Refined TSC clocksource calibration: 1800.004 MHz
[    1.995690] clocksource: tsc: mask: 0xffffffffffffffff max_cycles: 0x19f22d4590b, max_idle_ns: 440795206913 ns
[    2.230642] e1000 0000:00:03.0 eth0: (PCI:33MHz:32-bit) 02:62:7a:79:f6:ca
[    2.251862] e1000 0000:00:03.0 eth0: Intel(R) PRO/1000 Network Connection
[    2.781676] e1000 0000:00:08.0 eth1: (PCI:33MHz:32-bit) 08:00:27:29:1a:05
[    2.785851] e1000 0000:00:08.0 eth1: Intel(R) PRO/1000 Network Connection
[    2.789498] e1000 0000:00:03.0 enp0s3: renamed from eth0
[    2.792346] mptbase: ioc0: Initiating bringup
[    2.801163] e1000 0000:00:08.0 enp0s8: renamed from eth1
[    2.999362] ioc0: LSI53C1030 A0: Capabilities={Initiator}
[    4.007263] scsi host2: ioc0: LSI53C1030 A0, FwRev=00000000h, Ports=1, MaxQ=256, IRQ=20
[    4.805655] scsi 2:0:0:0: Direct-Access     VBOX     HARDDISK         1.0  PQ: 0 ANSI: 5
[    4.844155] scsi target2:0:0: Beginning Domain Validation
[    4.882865] scsi target2:0:0: Domain Validation skipping write tests
[    4.901854] scsi target2:0:0: Ending Domain Validation
[    4.927507] scsi target2:0:0: asynchronous
[    4.936892] scsi 2:0:1:0: Direct-Access     VBOX     HARDDISK         1.0  PQ: 0 ANSI: 5
[    5.000202] scsi target2:0:1: Beginning Domain Validation
[    5.013778] random: fast init done
[    5.888838] scsi target2:0:1: Domain Validation skipping write tests
[    5.891670] scsi target2:0:1: Ending Domain Validation
[    5.894170] scsi target2:0:1: asynchronous
[    5.901881] random: systemd-udevd: uninitialized urandom read (16 bytes read)
[    5.904513] random: systemd-udevd: uninitialized urandom read (16 bytes read)
[    5.904544] sd 2:0:0:0: Attached scsi generic sg0 type 0
[    5.907358] sd 2:0:1:0: Attached scsi generic sg1 type 0
[    5.925162] random: systemd-udevd: uninitialized urandom read (16 bytes read)
[    5.933649] sd 2:0:0:0: [sda] 20971520 512-byte logical blocks: (10.7 GB/10.0 GiB)
[    5.938488] sd 2:0:0:0: [sda] Write Protect is off
[    5.940621] sd 2:0:1:0: [sdb] 20480 512-byte logical blocks: (10.5 MB/10.0 MiB)
[    5.943565] sd 2:0:1:0: [sdb] Write Protect is off
[    5.945577] sd 2:0:0:0: [sda] Incomplete mode parameter data
[    5.950050] sd 2:0:0:0: [sda] Assuming drive cache: write through
[    5.955612] sd 2:0:1:0: [sdb] Incomplete mode parameter data
[    5.958229] sd 2:0:1:0: [sdb] Assuming drive cache: write through
[    5.964583]  sda: sda1
[    5.967567] sd 2:0:0:0: [sda] Attached SCSI disk
[    5.970030] sd 2:0:1:0: [sdb] Attached SCSI disk
Begin: Loading essential drivers ... [    7.676031] raid6: sse2x1   gen()  7638 MB/s
[    7.740336] raid6: sse2x1   xor()  5941 MB/s
[    7.788286] raid6: sse2x2   gen() 10513 MB/s
[    7.836287] raid6: sse2x2   xor()  5390 MB/s
[    7.884621] raid6: sse2x4   gen()  6244 MB/s
[    7.932564] raid6: sse2x4   xor()  3965 MB/s
[    7.980311] raid6: avx2x1   gen() 12571 MB/s
[    8.028238] raid6: avx2x1   xor()  5288 MB/s
[    8.076364] raid6: avx2x2   gen() 13625 MB/s
[    8.124224] raid6: avx2x2   xor() 10956 MB/s
[    8.172129] raid6: avx2x4   gen() 19212 MB/s
[    8.224320] raid6: avx2x4   xor() 10373 MB/s
[    8.232348] raid6: using algorithm avx2x4 gen() 19212 MB/s
[    8.245130] raid6: .... xor() 10373 MB/s, rmw enabled
[    8.249186] raid6: using avx2x2 recovery algorithm
[    8.253823] xor: automatically using best checksumming function   avx       
[    8.259163] async_tx: api initialized (async)
done.
Begin: Running /scripts/init-premount ... done.
Begin: Mounting root file system ... Begin: Running /scripts/local-top ... done.
Begin: Running /scripts/local-premount ... [    8.322378] Btrfs loaded, crc32c=crc32c-intel
Scanning for Btrfs filesystems
done.
Warning: fsck not present, so skipping root file system
[    8.377034] EXT4-fs (sda1): mounted filesystem with ordered data mode. Opts: (null)
done.
Begin: Running /scripts/local-bottom ... done.
Begin: Running /scripts/init-bottom ... done.
[    8.742437] ip_tables: (C) 2000-2006 Netfilter Core Team
[    8.765000] systemd[1]: systemd 237 running in system mode. (+PAM +AUDIT +SELINUX +IMA +APPARMOR +SMACK +SYSVINIT +UTMP +LIBCRYPTSETUP +GCRYPT +GNUTLS +ACL +XZ +LZ4 +SECCOMP +BLKID +ELFUTILS +KMOD -IDN2 +IDN -PCRE2 default-hierarchy=hybrid)
[    8.773858] systemd[1]: Detected virtualization oracle.
[    8.776120] systemd[1]: Detected architecture x86-64.

Welcome to [1mUbuntu 18.04.1 LTS[0m!

[    8.794711] systemd[1]: Set hostname to <ubuntu-bionic>.
[    9.442796] systemd[1]: Reached target User and Group Name Lookups.
[[0;32m  OK  [0m] Reached target User and Group Name Lookups.
[   10.012995] systemd[1]: Set up automount Arbitrary Executable File Formats File System Automount Point.
[[0;32m  OK  [0m] Set up automount Arbitrary Executabâ€¦rmats File System Automount Point.
[   10.021048] systemd[1]: Reached target Swap.
[[0;32m  OK  [0m] Reached target Swap.
[   10.041946] systemd[1]: Reached target System Time Synchronized.
[[0;32m  OK  [0m] Reached target System Time Synchronized.
[   10.897799] systemd[1]: Started Forward Password Requests to Wall Directory Watch.
[[0;32m  OK  [0m] Started Forward Password Requests to Wall Directory Watch.
[   10.929677] systemd[1]: Created slice System Slice.
[[0;32m  OK  [0m] Created slice System Slice.
[[0;32m  OK  [0m] Listening on Syslog Socket.
[[0;32m  OK  [0m] Created slice system-serial\x2dgetty.slice.
[[0;32m  OK  [0m] Listening on /dev/initctl Compatibility Named Pipe.
[[0;32m  OK  [0m] Listening on LVM2 metadata daemon socket.
[[0;32m  OK  [0m] Listening on Journal Audit Socket.
[[0;32m  OK  [0m] Listening on Network Service Netlink Socket.
[[0;32m  OK  [0m] Listening on Device-mapper event daemon FIFOs.
[[0;32m  OK  [0m] Created slice User and Session Slice.
[[0;32m  OK  [0m] Reached target Slices.
[[0;32m  OK  [0m] Listening on udev Control Socket.
[[0;32m  OK  [0m] Listening on Journal Socket (/dev/log).
[[0;32m  OK  [0m] Listening on udev Kernel Socket.
[[0;32m  OK  [0m] Listening on Journal Socket.
         Startin[   11.133754] Loading iSCSI transport class v2.0-870.
g Load Kernel Modules...
         Mounting POSIX Message Queue File System...
         Starting udev Coldplug all Devices...
         Starting Journal Service...
         Starting Remount Root and Kernel File Systems...
         Starting Set the console keyboard layout...
         Starting Uncomplicated firewall...
         Starting Monitoring of LVM2 mirrorsâ€¦ng dmeventd or progress polling...
         Starting Create list of required stâ€¦ce nodes for the current kernel...
[   11.214670] iscsi: registered transport (tcp)
[[0;32m  OK  [0m] Listening on LVM2 poll daemon socket.
         Mounting Kernel Debug File System...
[   11.293963] EXT4-fs (sda1): re-mounted. Opts: (null)
         Mounting Huge Pages File System...
[[0;32m  OK  [0m] Started Journal Service.
[[0;32m  OK  [0m] Mounted POSIX Message Queue File System.
[[0;32m  OK  [0m] Started Remount Root and Kernel File Systems.
[[0;32m  OK  [0m] Started Uncomplicated firewall.
[[0;32m  OK  [0m] Started Create list of required staâ€¦vice nodes for the current kernel.
[[0;32m  OK  [0m] Mounted Kernel Debug File System.
[[0;32m  OK  [0m] Mounted Huge Pages File System.
         Starting Create Static Device Nodes in /dev...
         Starting Initial cloud-init job (pre-networking)...
         Starting Load/Save Random Seed...
         Starting Flush Journal to Persistent Storage...
[[0;32m  OK  [0m] Started udev Coldplug all Devices.
[[0;32m  OK  [0m] Started Create Static Device Nodes in /dev.
[[0;32m  OK  [0m] Started LVM2 metadata daemon.
         Starting udev Kernel Device Manager...
[[0;32m  OK  [0m] Started Load/Save Random Seed.
[   11.632146] systemd-journald[402]: Received request to flush runtime journal from PID 1
[[0;32m  OK  [0m] Started Set the console keyboard layout.
[   11.650504] iscsi: registered transport (iser)
[[0;32m  OK  [0m] Started Load Kernel Modules.
         Mounting Kernel Configuration File System...
         Starting Apply Kernel Variables...
         Mounting FUSE Control File System...
[[0;32m  OK  [0m] Mounted Kernel Configuration File System.
[[0;32m  OK  [0m] Mounted FUSE Control File System.
[[0;32m  OK  [0m] Started Monitoring of LVM2 mirrors,â€¦sing dmeventd or progress polling.
[[0;32m  OK  [0m] Started udev Kernel Device Manager.
[[0;32m  OK  [0m] Started Dispatch Password Requests to Console Directory Watch.
[[0;32m  OK  [0m] Reached target Local Encrypted Volumes.
[[0;32m  OK  [0m] Reached target Local File Systems (Pre).
[[0;32m  OK  [0m] Reached target Local File Systems.
         Starting AppArmor initialization...
         Starting Tell Plymouth To Write Out Runtime Data...
         Starting Set console font and keymap...
         Starting ebtables ruleset management...
[[0;32m  OK  [0m] Started Apply Kernel Variables.
[[0;32m  OK  [0m] Started Set console font and keymap.
[[0;32m  OK  [0m] Started Tell Plymouth To Write Out Runtime Data.
[[0;32m  OK  [0m] Started ebtables ruleset management.
[[0;32m  OK  [0m] Found device /dev/ttyS0.
[[0;32m  OK  [0m] Started Flush Journal to Persistent Storage.
         Starting Create Volatile Files and Directories...
[[0;32m  OK  [0m] Started Create Volatile Files and Directories.
         Starting Update UTMP about System Boot/Shutdown...
[[0;32m  OK  [0m] Listening on Load/Save RF Kill Switch Status /dev/rfkill Watch.
[[0;32m  OK  [0m] Started Update UTMP about System Boot/Shutdown.
[[0;32m  OK  [0m] Started AppArmor initialization.
[   15.043225] cloud-init[415]: Cloud-init v. 18.4-0ubuntu1~18.04.1 running 'init-local' at Sat, 16 Feb 2019 03:53:45 +0000. Up 14.76 seconds.
[[0;32m  OK  [0m] Started Initial cloud-init job (pre-networking).
[[0;32m  OK  [0m] Reached target Network (Pre).
         Starting Network Service...
[[0;32m  OK  [0m] Started Network Service.
         Starting Network Name Resolution...
         Starting Wait for Network to be Configured...
[[0;32m  OK  [0m] Started Network Name Resolution.
[[0;32m  OK  [0m] Reached target Host and Network Name Lookups.
[[0;32m  OK  [0m] Reached target Network.
[[0;32m  OK  [0m] Started Wait for Network to be Configured.
         Starting Initial cloud-init job (metadata service crawler)...
[   17.334548] cloud-init[692]: Cloud-init v. 18.4-0ubuntu1~18.04.1 running 'init' at Sat, 16 Feb 2019 03:53:47 +0000. Up 17.17 seconds.
[   17.352394] cloud-init[692]: ci-info: ++++++++++++++++++++++++++++++++++++++Net device info+++++++++++++++++++++++++++++++++++++++
[   17.376429] cloud-init[692]: ci-info: +--------+------+-----------------------------+---------------+--------+-------------------+
[   17.386509] cloud-init[692]: ci-info: | Device |  Up  |           Address           |      Mask     | Scope  |     Hw-Address    |
[   17.397948] cloud-init[692]: ci-info: +--------+------+-----------------------------+---------------+--------+-------------------+
[   17.412726] cloud-init[692]: ci-info: | enp0s3 | True |          10.0.2.15          | 255.255.255.0 | global | 02:62:7a:79:f6:ca |
[   17.418168] cloud-init[692]: ci-info: | enp0s3 | True |  fe80::62:7aff:fe79:f6ca/64 |       .       |  link  | 02:62:7a:79:f6:ca |
[   17.423294] cloud-init[692]: ci-info: | enp0s8 | True |        192.168.33.10        | 255.255.255.0 | global | 08:00:27:29:1a:05 |
[   17.449453] cloud-init[692]: ci-info: | enp0s8 | True | fe80::a00:27ff:fe29:1a05/64 |       .       |  link  | 08:00:27:29:1a:05 |
[   17.460219] cloud-init[692]: ci-info: |   lo   | True |          127.0.0.1          |   255.0.0.0   |  host  |         .         |
[   17.473274] cloud-init[692]: ci-info: |   lo   | True |           ::1/128           |       .       |  host  |         .         |
[   17.483641] cloud-init[692]: ci-info: +--------+------+-----------------------------+---------------+--------+-------------------+
[   17.492019] cloud-init[692]: ci-info: +++++++++++++++++++++++++++++Route IPv4 info+++++++++++++++++++++++++++++
[   17.498572] cloud-init[692]: ci-info: +-------+--------------+----------+-----------------+-----------+-------+
[   17.510533] cloud-init[692]: ci-info: | Route | Destination  | Gateway  |     Genmask     | Interface | Flags |
[   17.525328] cloud-init[692]: ci-info: +-------+--------------+----------+-----------------+-----------+-------+
[   17.532169] cloud-init[692]: ci-info: |   0   |   0.0.0.0    | 10.0.2.2 |     0.0.0.0     |   enp0s3  |   UG  |
[   17.552473] cloud-init[692]: ci-info: |   1   |   10.0.2.0   | 0.0.0.0  |  255.255.255.0  |   enp0s3  |   U   |
[   17.564874] cloud-init[692]: ci-info: |   2   |   10.0.2.2   | 0.0.0.0  | 255.255.255.255 |   enp0s3  |   UH  |
[   17.571908] cloud-init[692]: ci-info: |   3   | 192.168.33.0 | 0.0.0.0  |  255.255.255.0  |   enp0s8  |   U   |
[   17.576963] cloud-init[692]: ci-info: +-------+--------------+----------+-----------------+-----------+-------+
[   17.594246] cloud-init[692]: ci-info: +++++++++++++++++++Route IPv6 info+++++++++++++++++++
[   17.605208] cloud-init[692]: ci-info: +-------+-------------+---------+-----------+-------+
[   17.620822] cloud-init[692]: ci-info: | Route | Destination | Gateway | Interface | Flags |
[   17.631307] cloud-init[692]: ci-info: +-------+-------------+---------+-----------+-------+
[   17.638644] cloud-init[692]: ci-info: |   1   |  fe80::/64  |    ::   |   enp0s8  |   U   |
[   17.646143] cloud-init[692]: ci-info: |   2   |  fe80::/64  |    ::   |   enp0s3  |   U   |
[   17.650650] cloud-init[692]: ci-info: |   4   |    local    |    ::   |   enp0s3  |   U   |
[   17.657427] cloud-init[692]: ci-info: |   5   |    local    |    ::   |   enp0s8  |   U   |
[   17.662292] cloud-init[692]: ci-info: |   6   |   ff00::/8  |    ::   |   enp0s8  |   U   |
[   17.666241] cloud-init[692]: ci-info: |   7   |   ff00::/8  |    ::   |   enp0s3  |   U   |
[   17.678012] cloud-init[692]: ci-info: +-------+-------------+---------+-----------+-------+
[[0;32m  OK  [0m] Started Initial cloud-init job (metadata service crawler).
[[0;32m  OK  [0m] Reached target Network is Online.
[[0;32m  OK  [0m] Reached target Remote File Systems (Pre).
[[0;32m  OK  [0m] Reached target Remote File Systems.
         Starting Availability of block devices...
[[0;32m  OK  [0m] Reached target System Initialization.
[[0;32m  OK  [0m] Started Message of the Day.
         Starting LXD - unix socket.
[[0;32m  OK  [0m] Started Discard unused blocks once a week.
[[0;32m  OK  [0m] Started Daily Cleanup of Temporary Directories.
[[0;32m  OK  [0m] Listening on ACPID Listen Socket.
[[0;32m  OK  [0m] Listening on D-Bus System Message Bus Socket.
[[0;32m  OK  [0m] Started ACPI Events Check.
[[0;32m  OK  [0m] Started Daily apt download activities.
[[0;32m  OK  [0m] Started Daily apt upgrade and clean activities.
[[0;32m  OK  [0m] Reached target Timers.
         Starting Socket activation for snappy daemon.
[[0;32m  OK  [0m] Listening on UUID daemon activation socket.
[[0;32m  OK  [0m] Listening on Open-iSCSI iscsid Socket.
[[0;32m  OK  [0m] Reached target Paths.
[[0;32m  OK  [0m] Reached target Cloud-config availability.
[[0;32m  OK  [0m] Started Availability of block devices.
[[0;32m  OK  [0m] Listening on LXD - unix socket.
[[0;32m  OK  [0m] Listening on Socket activation for snappy daemon.
[[0;32m  OK  [0m] Reached target Sockets.
[[0;32m  OK  [0m] Reached target Basic System.
[[0;32m  OK  [0m] Started D-Bus System Message Bus.
         Starting Permit User Sessions...
         Starting System Logging Service...
[[0;32m  OK  [0m] Started Regular background program processing daemon.
         Starting Login Service...
         Starting LXD - container startup/shutdown...
         Starting Snappy daemon...
[[0;32m  OK  [0m] Started FUSE filesystem for LXC.
         Starting Dispatcher daemon for systemd-networkd...
[[0;32m  OK  [0m] Started irqbalance daemon.
         Starting Accounts Service...
         Starting LSB: Record successful boot for GRUB...
         Starting vboxadd.service...
         Starting OpenBSD Secure Shell server...
[[0;32m  OK  [0m] Started Deferred execution scheduler.
         Starting LSB: automatic crash report generation...
[[0;32m  OK  [0m] Started System Logging Service.
[[0;32m  OK  [0m] Started Permit User Sessions.
[[0;32m  OK  [0m] Started Login Service.
         Starting Authorization Manager...
[[0;32m  OK  [0m] Started Unattended Upgrades Shutdown.
         Starting Hold until boot process finishes up...
         Starting Terminate Plymouth Boot Screen...
[[0;32m  OK  [0m] Started Hold until boot process finishes up.
         Starting Set console scheme...
[[0;32m  OK  [0m] Started Serial Getty on ttyS0.
[[0;32m  OK  [0m] Started Terminate Plymouth Boot Screen.
[[0;32m  OK  [0m] Started OpenBSD Secure Shell server.
[[0;32m  OK  [0m] Started LXD - container startup/shutdown.
[[0;32m  OK  [0m] Started LSB: Record successful boot for GRUB.
[[0;32m  OK  [0m] Started Snappy daemon.
[[0;32m  OK  [0m] Started Set console scheme.
[[0;32m  OK  [0m] Created slice system-getty.slice.
[[0;32m  OK  [0m] Started Getty on tty1.
[[0;32m  OK  [0m] Reached target Login Prompts.
         Starting Wait until snapd is fully seeded...
[[0;32m  OK  [0m] Started LSB: automatic crash report generation.
[[0;32m  OK  [0m] Started Wait until snapd is fully seeded.
         Starting Apply the settings specified in cloud-config...
[[0;32m  OK  [0m] Started Authorization Manager.
[[0;32m  OK  [0m] Started Accounts Service.
[[0;32m  OK  [0m] Started Dispatcher daemon for systemd-networkd.
[[0;32m  OK  [0m] Started vboxadd.service.
         Starting vboxadd-service.service...
[[0;32m  OK  [0m] Started vboxadd-service.service.
[[0;32m  OK  [0m] Reached target Multi-User System.
[[0;32m  OK  [0m] Reached target Graphical Interface.
         Starting Update UTMP about System Runlevel Changes...
[[0;32m  OK  [0m] Started Update UTMP about System Runlevel Changes.
[   20.153868] cloud-init[1063]: Cloud-init v. 18.4-0ubuntu1~18.04.1 running 'modules:config' at Sat, 16 Feb 2019 03:53:50 +0000. Up 19.95 seconds.
[[0;32m  OK  [0m] Started Apply the settings specified in cloud-config.
         Starting Execute cloud user/final scripts...
[   20.924244] cloud-init[1185]: Cloud-init v. 18.4-0ubuntu1~18.04.1 running 'modules:final' at Sat, 16 Feb 2019 03:53:51 +0000. Up 20.77 seconds.
[   20.931977] cloud-init[1185]: Cloud-init v. 18.4-0ubuntu1~18.04.1 finished at Sat, 16 Feb 2019 03:53:51 +0000. Datasource DataSourceNoCloud [seed=/dev/sdb][dsmode=net].  Up 20.91 seconds
[[0;32m  OK  [0m] Started Execute cloud user/final scripts.
[[0;32m  OK  [0m] Reached target Cloud-init target.

Ubuntu 18.04.1 LTS ubuntu-bionic ttyS0

ubuntu-bionic login: [ 3266.086197] e1000 0000:00:03.0 enp0s3: Detected Tx Unit Hang
[ 3266.086197]   Tx Queue             <0>
[ 3266.086197]   TDH                  <2>
[ 3266.086197]   TDT                  <5>
[ 3266.086197]   next_to_use          <5>
[ 3266.086197]   next_to_clean        <2>
[ 3266.086197] buffer_info[next_to_clean]
[ 3266.086197]   time_stamp           <1000b504d>
[ 3266.086197]   next_to_watch        <4>
[ 3266.086197]   jiffies              <1000b5228>
[ 3266.086197]   next_to_watch.status <0>
[ 3268.100681] e1000 0000:00:03.0 enp0s3: Detected Tx Unit Hang
[ 3268.100681]   Tx Queue             <0>
[ 3268.100681]   TDH                  <2>
[ 3268.100681]   TDT                  <5>
[ 3268.100681]   next_to_use          <5>
[ 3268.100681]   next_to_clean        <2>
[ 3268.100681] buffer_info[next_to_clean]
[ 3268.100681]   time_stamp           <1000b504d>
[ 3268.100681]   next_to_watch        <4>
[ 3268.100681]   jiffies              <1000b5420>
[ 3268.100681]   next_to_watch.status <0>
[ 3270.115995] e1000 0000:00:03.0 enp0s3: Detected Tx Unit Hang
[ 3270.115995]   Tx Queue             <0>
[ 3270.115995]   TDH                  <2>
[ 3270.115995]   TDT                  <5>
[ 3270.115995]   next_to_use          <5>
[ 3270.115995]   next_to_clean        <2>
[ 3270.115995] buffer_info[next_to_clean]
[ 3270.115995]   time_stamp           <1000b504d>
[ 3270.115995]   next_to_watch        <4>
[ 3270.115995]   jiffies              <1000b5618>
[ 3270.115995]   next_to_watch.status <0>
[ 3272.175673] e1000 0000:00:03.0 enp0s3: Detected Tx Unit Hang
[ 3272.175673]   Tx Queue             <0>
[ 3272.175673]   TDH                  <2>
[ 3272.175673]   TDT                  <5>
[ 3272.175673]   next_to_use          <5>
[ 3272.175673]   next_to_clean        <2>
[ 3272.175673] buffer_info[next_to_clean]
[ 3272.175673]   time_stamp           <1000b504d>
[ 3272.175673]   next_to_watch        <4>
[ 3272.175673]   jiffies              <1000b581b>
[ 3272.175673]   next_to_watch.status <0>
[ 3272.321981] e1000 0000:00:03.0 enp0s3: Reset adapter
